nftset=/1337x.to/4#inet#fw4#vpn_domains
nftset=/amnezia.org/4#inet#fw4#vpn_domains
nftset=/anidub.com/4#inet#fw4#vpn_domains
nftset=/anilibria.tv/4#inet#fw4#vpn_domains
nftset=/anthropic.com/4#inet#fw4#vpn_domains
nftset=/bard.google.com/4#inet#fw4#vpn_domains
nftset=/brawlstarsgame.com/4#inet#fw4#vpn_domains
nftset=/canva.com/4#inet#fw4#vpn_domains
nftset=/capcut.com/4#inet#fw4#vpn_domains
nftset=/cdninstagram.com/4#inet#fw4#vpn_domains
nftset=/chatgpt.com/4#inet#fw4#vpn_domains
nftset=/cherta.media/4#inet#fw4#vpn_domains
nftset=/cisco.com/4#inet#fw4#vpn_domains
nftset=/clashofclans.com/4#inet#fw4#vpn_domains
nftset=/clashroyaleapp.com/4#inet#fw4#vpn_domains
nftset=/claude.ai/4#inet#fw4#vpn_domains
nftset=/copilot.microsoft.com/4#inet#fw4#vpn_domains
nftset=/deviantart.com/4#inet#fw4#vpn_domains
nftset=/devops.com/4#inet#fw4#vpn_domains
nftset=/elastic.co/4#inet#fw4#vpn_domains
nftset=/gemini.google.com/4#inet#fw4#vpn_domains
nftset=/hashicorp.com/4#inet#fw4#vpn_domains
nftset=/hdrezka.ag/4#inet#fw4#vpn_domains
nftset=/howlongtobeat.com/4#inet#fw4#vpn_domains
nftset=/ig.me/4#inet#fw4#vpn_domains
nftset=/instagram.com/4#inet#fw4#vpn_domains
nftset=/intel.com/4#inet#fw4#vpn_domains
nftset=/intel.de/4#inet#fw4#vpn_domains
nftset=/kino.pub/4#inet#fw4#vpn_domains
nftset=/kinobase.org/4#inet#fw4#vpn_domains
nftset=/kinogo.la/4#inet#fw4#vpn_domains
nftset=/kinokopilka.pro/4#inet#fw4#vpn_domains
nftset=/kinovod.net/4#inet#fw4#vpn_domains
nftset=/kinozal.guru/4#inet#fw4#vpn_domains
nftset=/kinozal.me/4#inet#fw4#vpn_domains
nftset=/kinozal.tv/4#inet#fw4#vpn_domains
nftset=/lidarr.audio/4#inet#fw4#vpn_domains
nftset=/linkedin.com/4#inet#fw4#vpn_domains
nftset=/linktr.ee/4#inet#fw4#vpn_domains
nftset=/lostfilm.run/4#inet#fw4#vpn_domains
nftset=/lostfilm.top/4#inet#fw4#vpn_domains
nftset=/lostfilm.tv/4#inet#fw4#vpn_domains
nftset=/lostfilm.win/4#inet#fw4#vpn_domains
nftset=/lostfilmtv2.site/4#inet#fw4#vpn_domains
nftset=/lostfilmtv5.site/4#inet#fw4#vpn_domains
nftset=/medium.com/4#inet#fw4#vpn_domains
nftset=/mongodb.com/4#inet#fw4#vpn_domains
nftset=/mongodb.org/4#inet#fw4#vpn_domains
nftset=/netflix.com/4#inet#fw4#vpn_domains
nftset=/netlify.com/4#inet#fw4#vpn_domains
nftset=/notion-static.com/4#inet#fw4#vpn_domains
nftset=/notion.com/4#inet#fw4#vpn_domains
nftset=/notion.new/4#inet#fw4#vpn_domains
nftset=/notion.site/4#inet#fw4#vpn_domains
nftset=/notion.so/4#inet#fw4#vpn_domains
nftset=/oculus.com/4#inet#fw4#vpn_domains
nftset=/openai.com/4#inet#fw4#vpn_domains
nftset=/opensea.io/4#inet#fw4#vpn_domains
nftset=/patreon.com/4#inet#fw4#vpn_domains
nftset=/paypal.com/4#inet#fw4#vpn_domains
nftset=/pcbway.com/4#inet#fw4#vpn_domains
nftset=/pcbway.ru/4#inet#fw4#vpn_domains
nftset=/prowlarr.com/4#inet#fw4#vpn_domains
nftset=/radarr.video/4#inet#fw4#vpn_domains
nftset=/redis.com/4#inet#fw4#vpn_domains
nftset=/redis.io/4#inet#fw4#vpn_domains
nftset=/rutracker.cc/4#inet#fw4#vpn_domains
nftset=/rutracker.net/4#inet#fw4#vpn_domains
nftset=/rutracker.org/4#inet#fw4#vpn_domains
nftset=/rutracker.ru/4#inet#fw4#vpn_domains
nftset=/servarr.com/4#inet#fw4#vpn_domains
nftset=/soundcloud.com/4#inet#fw4#vpn_domains
nftset=/spotify.com/4#inet#fw4#vpn_domains
nftset=/suggestqueries.google.com/4#inet#fw4#vpn_domains
nftset=/supercell.com/4#inet#fw4#vpn_domains
nftset=/t.co/4#inet#fw4#vpn_domains
nftset=/terraform.io/4#inet#fw4#vpn_domains
nftset=/themoviedb.org/4#inet#fw4#vpn_domains
nftset=/thepiratebay.org/4#inet#fw4#vpn_domains
nftset=/tik-tokapi.com/4#inet#fw4#vpn_domains
nftset=/tiktok.com/4#inet#fw4#vpn_domains
nftset=/tiktokcdn-eu.com/4#inet#fw4#vpn_domains
nftset=/tiktokcdn-us.com/4#inet#fw4#vpn_domains
nftset=/tiktokcdn.com/4#inet#fw4#vpn_domains
nftset=/tiktokd.net/4#inet#fw4#vpn_domains
nftset=/tiktokd.org/4#inet#fw4#vpn_domains
nftset=/tiktokv.com/4#inet#fw4#vpn_domains
nftset=/tiktokv.us/4#inet#fw4#vpn_domains
nftset=/tiktokw.us/4#inet#fw4#vpn_domains
nftset=/tmdb.org/4#inet#fw4#vpn_domains
nftset=/tweetdeck.com/4#inet#fw4#vpn_domains
nftset=/twirpx.com/4#inet#fw4#vpn_domains
nftset=/twitpic.com/4#inet#fw4#vpn_domains
nftset=/twitter.biz/4#inet#fw4#vpn_domains
nftset=/twitter.com/4#inet#fw4#vpn_domains
nftset=/twitter.jp/4#inet#fw4#vpn_domains
nftset=/twittercommunity.com/4#inet#fw4#vpn_domains
nftset=/twitterflightschool.com/4#inet#fw4#vpn_domains
nftset=/twitterinc.com/4#inet#fw4#vpn_domains
nftset=/twitteroauth.com/4#inet#fw4#vpn_domains
nftset=/twitterstat.us/4#inet#fw4#vpn_domains
nftset=/twtrdns.net/4#inet#fw4#vpn_domains
nftset=/twttr.com/4#inet#fw4#vpn_domains
nftset=/twttr.net/4#inet#fw4#vpn_domains
nftset=/vagrantcloud.com/4#inet#fw4#vpn_domains
nftset=/x.com/4#inet#fw4#vpn_domains

nftset=/copilot-proxy.githubusercontent.com/4#inet#fw4#vpn_domains
nftset=/origin-tracker.githubusercontent.com/4#inet#fw4#vpn_domains
nftset=/githubcopilot.com/4#inet#fw4#vpn_domains
nftset=/copilot-telemetry.githubusercontent.com/4#inet#fw4#vpn_domains
nftset=/vagrantcloud.com/4#inet#fw4#vpn_domains